exports[`basemainnet index.js test evm fee data snapshot 1`] = `
{
  "baseFeePerGas": "0.2 Gwei",
  "eip1559Enabled": true,
  "fuelThreshold": "750000 Gwei",
  "gasPrice": "0.2 Gwei",
  "gasPriceMaximumRate": 1.3,
  "gasPriceMinimumRate": 0.6,
  "gasPriceMultiplier": 1,
  "max": "1 Gwei",
  "min": "0.001 Gwei",
  "origin": "0.2 Gwei",
  "tipGasPrice": "0.02 Gwei",
}
`;
